
mysql> describe project;
ERROR 1146 (42S02): Table 'semIIIca226361.project' doesn't exist
mysql> describe Project;
+--------------+-------------+------+-----+---------+-------+
| Field        | Type        | Null | Key | Default | Extra |
+--------------+-------------+------+-----+---------+-------+
| project_name | varchar(30) | NO   | PRI | NULL    |       |
| no_days      | int         | YES  |     | NULL    |       |
+--------------+-------------+------+-----+---------+-------+
2 rows in set (0.01 sec)

mysql> describe Telephone;
+---------+-------------+------+-----+---------+-------+
| Field   | Type        | Null | Key | Default | Extra |
+---------+-------------+------+-----+---------+-------+
| Telno   | varchar(20) | NO   | PRI | NULL    |       |
| Name    | varchar(30) | YES  |     | NULL    |       |
| Address | varchar(20) | YES  |     | NULL    |       |
+---------+-------------+------+-----+---------+-------+
3 rows in set (0.00 sec)

mysql> describe user;
+------------+-------------+------+-----+---------+-------+
| Field      | Type        | Null | Key | Default | Extra |
+------------+-------------+------+-----+---------+-------+
| login_name | varchar(20) | NO   | PRI | NULL    |       |
| password   | varchar(20) | YES  |     | NULL    |       |
+------------+-------------+------+-----+---------+-------+
2 rows in set (0.00 sec)

mysql> describe Department;
+-----------+-------------+------+-----+---------+-------+
| Field     | Type        | Null | Key | Default | Extra |
+-----------+-------------+------+-----+---------+-------+
| dept_no   | int         | NO   | PRI | NULL    |       |
| dept_name | varchar(30) | YES  |     | NULL    |       |
+-----------+-------------+------+-----+---------+-------+
2 rows in set (0.00 sec)

mysql> describe Employee;
+----------+-------------+------+-----+---------+-------+
| Field    | Type        | Null | Key | Default | Extra |
+----------+-------------+------+-----+---------+-------+
| emp_no   | int         | NO   | PRI | NULL    |       |
| emp_name | varchar(30) | YES  |     | NULL    |       |
| salary   | int         | YES  |     | NULL    |       |
| dept_no  | int         | YES  |     | NULL    |       |
+----------+-------------+------+-----+---------+-------+
4 rows in set (0.00 sec)

mysql> show tables;
+--------------------------+
| Tables_in_semIIIca226361 |
+--------------------------+
| Department               |
| Emp_Project              |
| Employee                 |
| Project                  |
| Telephone                |
| emp                      |
| employee                 |
| event                    |
| product                  |
| student                  |
| student_event            |
| user                     |
+--------------------------+
12 rows in set (0.00 sec)

mysql> describe Emp_Project;
+--------------+-------------+------+-----+---------+-------+
| Field        | Type        | Null | Key | Default | Extra |
+--------------+-------------+------+-----+---------+-------+
| project_name | varchar(30) | YES  |     | NULL    |       |
| emp_no       | int         | YES  |     | NULL    |       |
+--------------+-------------+------+-----+---------+-------+
2 rows in set (0.01 sec)

mysql> describe emp;
+---------+-------------+------+-----+---------+-------+
| Field   | Type        | Null | Key | Default | Extra |
+---------+-------------+------+-----+---------+-------+
| empid   | int         | NO   | PRI | NULL    |       |
| empname | varchar(20) | YES  |     | NULL    |       |
| salary  | int         | YES  |     | NULL    |       |
+---------+-------------+------+-----+---------+-------+
3 rows in set (0.01 sec)

mysql> describe employee;
+---------+-------------+------+-----+---------+-------+
| Field   | Type        | Null | Key | Default | Extra |
+---------+-------------+------+-----+---------+-------+
| empid   | int         | NO   | PRI | NULL    |       |
| empname | varchar(10) | YES  |     | NULL    |       |
| salary  | int         | YES  |     | NULL    |       |
+---------+-------------+------+-----+---------+-------+
3 rows in set (0.01 sec)

mysql> describe student;
+--------------+-------------+------+-----+---------+-------+
| Field        | Type        | Null | Key | Default | Extra |
+--------------+-------------+------+-----+---------+-------+
| roll_no      | varchar(20) | NO   | PRI | NULL    |       |
| student_name | varchar(20) | YES  |     | NULL    |       |
| course       | varchar(20) | YES  |     | NULL    |       |
+--------------+-------------+------+-----+---------+-------+
3 rows in set (0.00 sec)

mysql> describe student_event;
+------------+-------------+------+-----+---------+-------+
| Field      | Type        | Null | Key | Default | Extra |
+------------+-------------+------+-----+---------+-------+
| roll_no    | varchar(20) | YES  |     | NULL    |       |
| event_name | varchar(20) | YES  |     | NULL    |       |
+------------+-------------+------+-----+---------+-------+
2 rows in set (0.01 sec)

mysql> describe Product;
ERROR 1146 (42S02): Table 'semIIIca226361.Product' doesn't exist
mysql> describe product;
+----------+-------------+------+-----+---------+-------+
| Field    | Type        | Null | Key | Default | Extra |
+----------+-------------+------+-----+---------+-------+
| num      | varchar(10) | NO   | PRI | NULL    |       |
| name     | varchar(50) | YES  |     | NULL    |       |
| price    | varchar(50) | YES  |     | NULL    |       |
| quantity | int         | YES  |     | NULL    |       |
+----------+-------------+------+-----+---------+-------+
4 rows in set (0.00 sec)

mysql> describe event;
+------------+-------------+------+-----+---------+-------+
| Field      | Type        | Null | Key | Default | Extra |
+------------+-------------+------+-----+---------+-------+
| event_id   | varchar(20) | YES  |     | NULL    |       |
| event_name | varchar(20) | NO   | PRI | NULL    |       |
+------------+-------------+------+-----+---------+-------+
2 rows in set (0.01 sec)


